Gene 1
Gene 1401 2461 
  Exon 1401 1493 phase 0
  Exon 1789 1947 phase 0
  Exon 2120 2294 phase 0
  Exon 2388 2461 phase 1
//
>HSHNRNPA.[1401:2461].sp.tr
RKLFIGGLSFETTDESLRSHFEQWGTLTDCVVMRDPNTKRSRGFGFVTYATVEEVDAAMN
ARPHKVDGRVVEPKRAVSREVSGFKIFVGGIKEDTEEHHLRDYFEQYGKIEVIEIMTDRG
SGKKRGFAFVTFDDHDSVDKIVIQKYHTVNGHNCEVRKALSKQEMAS
//
Gene
  utr5 1400 1400
  cds 1401 1493 phase 0
  cds 1789 1947 phase 0
  cds 2120 2294 phase 0
  cds 2388 2461 phase 1
End
//
