Score 1197
Position i:[-1] j:[287] State:[6] Score: 0
Position i:[0] j:[290] State:[0] Score: 1730
Position i:[1] j:[293] State:[0] Score: 1133
Position i:[2] j:[296] State:[0] Score: 612
Position i:[3] j:[299] State:[0] Score: 237
Position i:[0] j:[299] State:[7] Score: -2515
//
